\BOOKMARK [1][-]{section.1}{\376\377\122\115\212\000}{}% 1
\BOOKMARK [1][-]{section.2}{\376\377\171\321\133\170\200\314\146\157\202\007\147\052\156\377\215\263\116\113\201\350\136\212\227\000\154\102}{}% 2
\BOOKMARK [1][-]{section.3}{\376\377\214\307\145\231\117\206\156\220}{}% 3
\BOOKMARK [1][-]{section.4}{\376\377\220\113\173\227\122\006\147\220\173\241\175\332}{}% 4
\BOOKMARK [1][-]{section.5}{\376\377\124\301\214\352\143\247\122\066\202\007\142\171\153\041\145\110\141\311\212\125\117\060}{}% 5
\BOOKMARK [1][-]{section.6}{\376\377\135\356\165\160\210\150\163\376\122\006\147\220}{}% 6
\BOOKMARK [1][-]{section.7}{\376\377\152\137\126\150\133\170\177\322\122\006\230\136\126\150\210\150\163\376}{}% 7
\BOOKMARK [1][-]{section.8}{\376\377\127\372\145\274\000\040\000S\000H\000A\000P\000\040\166\204\123\357\211\343\221\313\127\213\116\272\135\345\146\172\141\147\122\006\147\220}{}% 8
\BOOKMARK [1][-]{section.9}{\376\377\120\031\220\170\127\372\126\340\175\104\124\010\173\351\220\170}{}% 9
\BOOKMARK [1][-]{section.10}{\376\377\153\143\116\244\140\047\212\125\117\060}{}% 10
\BOOKMARK [1][-]{section.11}{\376\377\125\256\175\060\200\336\202\007\172\172\225\223\217\111\223\004\232\324\232\127\213\111\116\113\137\305\211\201\140\047}{}% 11
\BOOKMARK [1][-]{section.12}{\376\377\127\372\145\274\136\014\162\076\145\271\172\013\137\017\166\204\000\040\000A\000N\000D\000\040\000g\000a\000t\000e\000\040\136\372\152\041}{}% 12
\BOOKMARK [1][-]{section.13}{\376\377\226\373\201\146\152\041\144\354\232\127\213\111}{}% 13
\BOOKMARK [1][-]{section.14}{\376\377\172\151\120\145\140\047\122\006\147\220\202\007\214\240\143\247\122\066}{}% 14
\BOOKMARK [1][-]{section.15}{\376\377\170\024\172\166\226\120\122\066}{}% 15
\BOOKMARK [1][-]{section.16}{\376\377\147\052\117\206\133\346\232\127\145\271\124\021}{}% 16
\BOOKMARK [1][-]{section.17}{\376\377\175\120\212\326}{}% 17
\BOOKMARK [1][-]{section.18}{\376\377\210\334\121\105\210\150\150\074\202\007\127\026}{}% 18
\BOOKMARK [2][-]{subsection.18.1}{\376\377\210\334\121\105\210\150\150\074\000\040\0001\377\032\123\303\145\170\143\203\143\317\175\120\147\234}{section.18}% 19
\BOOKMARK [2][-]{subsection.18.2}{\376\377\210\334\121\105\210\150\150\074\000\040\0002\377\032\000K\000\040\123\303\145\170\137\256\144\376\134\015\122\006\230\136\145\110\200\375\137\161\227\377\116\113\145\117\141\037\136\246\122\006\147\220}{section.18}% 20
\BOOKMARK [2][-]{subsection.18.3}{\376\377\210\334\121\105\127\026}{section.18}% 21
